49.34.71.207 - - [01/Oct/2017:01:34:21 -0400] "GET /favicon.ico HTTP/1.1" 200 991 "http://rajputdataserver.info/admin/auth/user/6/change/" "Mozilla/5.0 (Windows NT 6.1) AppleWebKit/537.36 (KHTML, like Gecko) Chrome/61.0.3163.100 Safari/537.36"
49.34.71.207 - - [01/Oct/2017:01:34:37 -0400] "POST /admin/auth/user/6/change/ HTTP/1.1" 302 0 "http://rajputdataserver.info/admin/auth/user/6/change/" "Mozilla/5.0 (Windows NT 6.1) AppleWebKit/537.36 (KHTML, like Gecko) Chrome/61.0.3163.100 Safari/537.36"
49.34.71.207 - - [01/Oct/2017:01:34:37 -0400] "GET /admin/auth/user/ HTTP/1.1" 200 2292 "http://rajputdataserver.info/admin/auth/user/6/change/" "Mozilla/5.0 (Windows NT 6.1) AppleWebKit/537.36 (KHTML, like Gecko) Chrome/61.0.3163.100 Safari/537.36"
49.34.71.207 - - [01/Oct/2017:01:34:37 -0400] "GET /admin/jsi18n/ HTTP/1.1" 200 3189 "http://rajputdataserver.info/admin/auth/user/" "Mozilla/5.0 (Windows NT 6.1) AppleWebKit/537.36 (KHTML, like Gecko) Chrome/61.0.3163.100 Safari/537.36"
49.34.71.207 - - [01/Oct/2017:01:34:38 -0400] "GET /favicon.ico HTTP/1.1" 200 988 "http://rajputdataserver.info/admin/auth/user/" "Mozilla/5.0 (Windows NT 6.1) AppleWebKit/537.36 (KHTML, like Gecko) Chrome/61.0.3163.100 Safari/537.36"
49.34.71.207 - - [01/Oct/2017:01:34:57 -0400] "GET /admin/logout/ HTTP/1.1" 200 540 "http://rajputdataserver.info/admin/auth/user/" "Mozilla/5.0 (Windows NT 6.1) AppleWebKit/537.36 (KHTML, like Gecko) Chrome/61.0.3163.100 Safari/537.36"
49.34.71.207 - - [01/Oct/2017:01:34:57 -0400] "GET /favicon.ico HTTP/1.1" 302 0 "http://rajputdataserver.info/admin/logout/" "Mozilla/5.0 (Windows NT 6.1) AppleWebKit/537.36 (KHTML, like Gecko) Chrome/61.0.3163.100 Safari/537.36"
49.34.71.207 - - [01/Oct/2017:01:34:58 -0400] "GET /admin/login/?next=/favicon.ico HTTP/1.1" 200 802 "http://rajputdataserver.info/admin/logout/" "Mozilla/5.0 (Windows NT 6.1) AppleWebKit/537.36 (KHTML, like Gecko) Chrome/61.0.3163.100 Safari/537.36"
49.34.71.207 - - [01/Oct/2017:01:34:59 -0400] "GET /admin/ HTTP/1.1" 302 0 "http://rajputdataserver.info/admin/logout/" "Mozilla/5.0 (Windows NT 6.1) AppleWebKit/537.36 (KHTML, like Gecko) Chrome/61.0.3163.100 Safari/537.36"
49.34.71.207 - - [01/Oct/2017:01:34:59 -0400] "GET /admin/login/?next=/admin/ HTTP/1.1" 200 796 "http://rajputdataserver.info/admin/logout/" "Mozilla/5.0 (Windows NT 6.1) AppleWebKit/537.36 (KHTML, like Gecko) Chrome/61.0.3163.100 Safari/537.36"
49.34.71.207 - - [01/Oct/2017:01:34:59 -0400] "GET /favicon.ico HTTP/1.1" 302 0 "http://rajputdataserver.info/admin/login/?next=/admin/" "Mozilla/5.0 (Windows NT 6.1) AppleWebKit/537.36 (KHTML, like Gecko) Chrome/61.0.3163.100 Safari/537.36"
49.34.71.207 - - [01/Oct/2017:01:35:00 -0400] "GET /admin/login/?next=/favicon.ico HTTP/1.1" 200 806 "http://rajputdataserver.info/admin/login/?next=/admin/" "Mozilla/5.0 (Windows NT 6.1) AppleWebKit/537.36 (KHTML, like Gecko) Chrome/61.0.3163.100 Safari/537.36"
49.34.71.207 - - [01/Oct/2017:01:35:10 -0400] "POST /admin/login/?next=/admin/ HTTP/1.1" 302 0 "http://rajputdataserver.info/admin/login/?next=/admin/" "Mozilla/5.0 (Windows NT 6.1) AppleWebKit/537.36 (KHTML, like Gecko) Chrome/61.0.3163.100 Safari/537.36"
49.34.71.207 - - [01/Oct/2017:01:35:10 -0400] "GET /admin/ HTTP/1.1" 200 900 "http://rajputdataserver.info/admin/login/?next=/admin/" "Mozilla/5.0 (Windows NT 6.1) AppleWebKit/537.36 (KHTML, like Gecko) Chrome/61.0.3163.100 Safari/537.36"
49.34.71.207 - - [01/Oct/2017:01:35:11 -0400] "GET /favicon.ico HTTP/1.1" 200 990 "http://rajputdataserver.info/admin/" "Mozilla/5.0 (Windows NT 6.1) AppleWebKit/537.36 (KHTML, like Gecko) Chrome/61.0.3163.100 Safari/537.36"
49.34.71.207 - - [01/Oct/2017:01:35:14 -0400] "GET / HTTP/1.1" 200 990 "http://rajputdataserver.info/admin/" "Mozilla/5.0 (Windows NT 6.1) AppleWebKit/537.36 (KHTML, like Gecko) Chrome/61.0.3163.100 Safari/537.36"
49.34.71.207 - - [01/Oct/2017:01:35:14 -0400] "GET /static/crawler_manager/custom.css HTTP/1.1" 200 44 "http://rajputdataserver.info/" "Mozilla/5.0 (Windows NT 6.1) AppleWebKit/537.36 (KHTML, like Gecko) Chrome/61.0.3163.100 Safari/537.36"
49.34.71.207 - - [01/Oct/2017:01:35:15 -0400] "GET /favicon.ico HTTP/1.1" 200 990 "http://rajputdataserver.info/" "Mozilla/5.0 (Windows NT 6.1) AppleWebKit/537.36 (KHTML, like Gecko) Chrome/61.0.3163.100 Safari/537.36"
49.34.71.207 - - [01/Oct/2017:01:35:26 -0400] "POST /index HTTP/1.1" 302 0 "http://rajputdataserver.info/" "Mozilla/5.0 (Windows NT 6.1) AppleWebKit/537.36 (KHTML, like Gecko) Chrome/61.0.3163.100 Safari/537.36"
49.34.71.207 - - [01/Oct/2017:01:35:30 -0400] "GET /admin/crawler_manager/crawelissue/ HTTP/1.1" 200 63886 "http://rajputdataserver.info/" "Mozilla/5.0 (Windows NT 6.1) AppleWebKit/537.36 (KHTML, like Gecko) Chrome/61.0.3163.100 Safari/537.36"
49.34.71.207 - - [01/Oct/2017:01:35:30 -0400] "GET /admin/jsi18n/ HTTP/1.1" 200 3189 "http://rajputdataserver.info/admin/crawler_manager/crawelissue/" "Mozilla/5.0 (Windows NT 6.1) AppleWebKit/537.36 (KHTML, like Gecko) Chrome/61.0.3163.100 Safari/537.36"
49.34.71.207 - - [01/Oct/2017:01:35:40 -0400] "GET /favicon.ico HTTP/1.1" 200 987 "http://rajputdataserver.info/admin/crawler_manager/crawelissue/" "Mozilla/5.0 (Windows NT 6.1) AppleWebKit/537.36 (KHTML, like Gecko) Chrome/61.0.3163.100 Safari/537.36"
49.34.71.207 - - [01/Oct/2017:01:36:03 -0400] "GET /admin/jsi18n/ HTTP/1.1" 200 3189 "http://rajputdataserver.info/admin/crawler_manager/crawelissue/" "Mozilla/5.0 (Windows NT 6.1) AppleWebKit/537.36 (KHTML, like Gecko) Chrome/61.0.3163.100 Safari/537.36"
49.34.71.207 - - [01/Oct/2017:01:36:03 -0400] "GET /admin/crawler_manager/crawelissue/ HTTP/1.1" 200 64719 "http://rajputdataserver.info/" "Mozilla/5.0 (Windows NT 6.1) AppleWebKit/537.36 (KHTML, like Gecko) Chrome/61.0.3163.100 Safari/537.36"
49.34.71.207 - - [01/Oct/2017:01:36:14 -0400] "GET /favicon.ico HTTP/1.1" 200 991 "http://rajputdataserver.info/admin/crawler_manager/crawelissue/" "Mozilla/5.0 (Windows NT 6.1) AppleWebKit/537.36 (KHTML, like Gecko) Chrome/61.0.3163.100 Safari/537.36"
49.34.71.207 - - [01/Oct/2017:01:36:47 -0400] "GET /admin/jsi18n/ HTTP/1.1" 200 3189 "http://rajputdataserver.info/admin/crawler_manager/crawelissue/" "Mozilla/5.0 (Windows NT 6.1) AppleWebKit/537.36 (KHTML, like Gecko) Chrome/61.0.3163.100 Safari/537.36"
49.34.71.207 - - [01/Oct/2017:01:36:47 -0400] "GET /admin/crawler_manager/crawelissue/ HTTP/1.1" 200 65088 "http://rajputdataserver.info/" "Mozilla/5.0 (Windows NT 6.1) AppleWebKit/537.36 (KHTML, like Gecko) Chrome/61.0.3163.100 Safari/537.36"
49.34.71.207 - - [01/Oct/2017:01:36:58 -0400] "GET /favicon.ico HTTP/1.1" 200 989 "http://rajputdataserver.info/admin/crawler_manager/crawelissue/" "Mozilla/5.0 (Windows NT 6.1) AppleWebKit/537.36 (KHTML, like Gecko) Chrome/61.0.3163.100 Safari/537.36"
49.34.71.207 - - [01/Oct/2017:01:38:39 -0400] "GET /admin/ HTTP/1.1" 200 900 "http://rajputdataserver.info/admin/crawler_manager/crawelissue/" "Mozilla/5.0 (Windows NT 6.1) AppleWebKit/537.36 (KHTML, like Gecko) Chrome/61.0.3163.100 Safari/537.36"
49.34.71.207 - - [01/Oct/2017:01:38:39 -0400] "GET /favicon.ico HTTP/1.1" 200 986 "http://rajputdataserver.info/admin/" "Mozilla/5.0 (Windows NT 6.1) AppleWebKit/537.36 (KHTML, like Gecko) Chrome/61.0.3163.100 Safari/537.36"
49.34.71.207 - - [01/Oct/2017:01:38:49 -0400] "GET /admin/logout/ HTTP/1.1" 200 540 "http://rajputdataserver.info/admin/" "Mozilla/5.0 (Windows NT 6.1) AppleWebKit/537.36 (KHTML, like Gecko) Chrome/61.0.3163.100 Safari/537.36"
49.34.71.207 - - [01/Oct/2017:01:38:50 -0400] "GET /favicon.ico HTTP/1.1" 302 0 "http://rajputdataserver.info/admin/logout/" "Mozilla/5.0 (Windows NT 6.1) AppleWebKit/537.36 (KHTML, like Gecko) Chrome/61.0.3163.100 Safari/537.36"
49.34.71.207 - - [01/Oct/2017:01:38:50 -0400] "GET /admin/login/?next=/favicon.ico HTTP/1.1" 200 807 "http://rajputdataserver.info/admin/logout/" "Mozilla/5.0 (Windows NT 6.1) AppleWebKit/537.36 (KHTML, like Gecko) Chrome/61.0.3163.100 Safari/537.36"
49.34.71.207 - - [01/Oct/2017:01:38:51 -0400] "GET /admin/ HTTP/1.1" 302 0 "http://rajputdataserver.info/admin/logout/" "Mozilla/5.0 (Windows NT 6.1) AppleWebKit/537.36 (KHTML, like Gecko) Chrome/61.0.3163.100 Safari/537.36"
49.34.71.207 - - [01/Oct/2017:01:38:52 -0400] "GET /admin/login/?next=/admin/ HTTP/1.1" 200 796 "http://rajputdataserver.info/admin/logout/" "Mozilla/5.0 (Windows NT 6.1) AppleWebKit/537.36 (KHTML, like Gecko) Chrome/61.0.3163.100 Safari/537.36"
49.34.71.207 - - [01/Oct/2017:01:38:52 -0400] "GET /favicon.ico HTTP/1.1" 302 0 "http://rajputdataserver.info/admin/login/?next=/admin/" "Mozilla/5.0 (Windows NT 6.1) AppleWebKit/537.36 (KHTML, like Gecko) Chrome/61.0.3163.100 Safari/537.36"
49.34.71.207 - - [01/Oct/2017:01:38:53 -0400] "GET /admin/login/?next=/favicon.ico HTTP/1.1" 200 804 "http://rajputdataserver.info/admin/login/?next=/admin/" "Mozilla/5.0 (Windows NT 6.1) AppleWebKit/537.36 (KHTML, like Gecko) Chrome/61.0.3163.100 Safari/537.36"
27.131.12.6 - - [01/Oct/2017:01:38:53 -0400] "GET /admin/logout/ HTTP/1.1" 200 540 "http://rajputdataserver.info/admin/" "Mozilla/5.0 (Macintosh; Intel Mac OS X 10_13_0) AppleWebKit/537.36 (KHTML, like Gecko) Chrome/61.0.3163.100 Safari/537.36"
27.131.12.6 - - [01/Oct/2017:01:38:55 -0400] "GET /admin/ HTTP/1.1" 302 0 "http://rajputdataserver.info/admin/logout/" "Mozilla/5.0 (Macintosh; Intel Mac OS X 10_13_0) AppleWebKit/537.36 (KHTML, like Gecko) Chrome/61.0.3163.100 Safari/537.36"
27.131.12.6 - - [01/Oct/2017:01:38:56 -0400] "GET /admin/login/?next=/admin/ HTTP/1.1" 200 795 "http://rajputdataserver.info/admin/logout/" "Mozilla/5.0 (Macintosh; Intel Mac OS X 10_13_0) AppleWebKit/537.36 (KHTML, like Gecko) Chrome/61.0.3163.100 Safari/537.36"
49.34.71.207 - - [01/Oct/2017:01:38:57 -0400] "POST /admin/login/?next=/admin/ HTTP/1.1" 302 0 "http://rajputdataserver.info/admin/login/?next=/admin/" "Mozilla/5.0 (Windows NT 6.1) AppleWebKit/537.36 (KHTML, like Gecko) Chrome/61.0.3163.100 Safari/537.36"
49.34.71.207 - - [01/Oct/2017:01:38:57 -0400] "GET /admin/ HTTP/1.1" 200 1293 "http://rajputdataserver.info/admin/login/?next=/admin/" "Mozilla/5.0 (Windows NT 6.1) AppleWebKit/537.36 (KHTML, like Gecko) Chrome/61.0.3163.100 Safari/537.36"
49.34.71.207 - - [01/Oct/2017:01:38:58 -0400] "GET /favicon.ico HTTP/1.1" 200 992 "http://rajputdataserver.info/admin/" "Mozilla/5.0 (Windows NT 6.1) AppleWebKit/537.36 (KHTML, like Gecko) Chrome/61.0.3163.100 Safari/537.36"
49.34.71.207 - - [01/Oct/2017:01:39:01 -0400] "GET /admin/auth/user/ HTTP/1.1" 200 2226 "http://rajputdataserver.info/admin/" "Mozilla/5.0 (Windows NT 6.1) AppleWebKit/537.36 (KHTML, like Gecko) Chrome/61.0.3163.100 Safari/537.36"
49.34.71.207 - - [01/Oct/2017:01:39:02 -0400] "GET /admin/jsi18n/ HTTP/1.1" 200 3189 "http://rajputdataserver.info/admin/auth/user/" "Mozilla/5.0 (Windows NT 6.1) AppleWebKit/537.36 (KHTML, like Gecko) Chrome/61.0.3163.100 Safari/537.36"
49.34.71.207 - - [01/Oct/2017:01:39:03 -0400] "GET /favicon.ico HTTP/1.1" 200 987 "http://rajputdataserver.info/admin/auth/user/" "Mozilla/5.0 (Windows NT 6.1) AppleWebKit/537.36 (KHTML, like Gecko) Chrome/61.0.3163.100 Safari/537.36"
27.131.12.6 - - [01/Oct/2017:01:39:03 -0400] "POST /admin/login/?next=/admin/ HTTP/1.1" 302 0 "http://rajputdataserver.info/admin/login/?next=/admin/" "Mozilla/5.0 (Macintosh; Intel Mac OS X 10_13_0) AppleWebKit/537.36 (KHTML, like Gecko) Chrome/61.0.3163.100 Safari/537.36"
27.131.12.6 - - [01/Oct/2017:01:39:04 -0400] "GET /admin/ HTTP/1.1" 200 1293 "http://rajputdataserver.info/admin/login/?next=/admin/" "Mozilla/5.0 (Macintosh; Intel Mac OS X 10_13_0) AppleWebKit/537.36 (KHTML, like Gecko) Chrome/61.0.3163.100 Safari/537.36"
27.131.12.6 - - [01/Oct/2017:01:39:04 -0400] "GET /static/admin/img/icon-deletelink.svg HTTP/1.1" 200 392 "http://rajputdataserver.info/static/admin/css/base.css" "Mozilla/5.0 (Macintosh; Intel Mac OS X 10_13_0) AppleWebKit/537.36 (KHTML, like Gecko) Chrome/61.0.3163.100 Safari/537.36"
49.34.71.207 - - [01/Oct/2017:01:39:05 -0400] "GET /admin/auth/user/6/change/ HTTP/1.1" 200 3471 "http://rajputdataserver.info/admin/auth/user/" "Mozilla/5.0 (Windows NT 6.1) AppleWebKit/537.36 (KHTML, like Gecko) Chrome/61.0.3163.100 Safari/537.36"
49.34.71.207 - - [01/Oct/2017:01:39:06 -0400] "GET /admin/jsi18n/ HTTP/1.1" 200 3189 "http://rajputdataserver.info/admin/auth/user/6/change/" "Mozilla/5.0 (Windows NT 6.1) AppleWebKit/537.36 (KHTML, like Gecko) Chrome/61.0.3163.100 Safari/537.36"
27.131.12.6 - - [01/Oct/2017:01:39:06 -0400] "GET /admin/auth/user/ HTTP/1.1" 200 2227 "http://rajputdataserver.info/admin/" "Mozilla/5.0 (Macintosh; Intel Mac OS X 10_13_0) AppleWebKit/537.36 (KHTML, like Gecko) Chrome/61.0.3163.100 Safari/537.36"
27.131.12.6 - - [01/Oct/2017:01:39:06 -0400] "GET /admin/jsi18n/ HTTP/1.1" 200 3189 "http://rajputdataserver.info/admin/auth/user/" "Mozilla/5.0 (Macintosh; Intel Mac OS X 10_13_0) AppleWebKit/537.36 (KHTML, like Gecko) Chrome/61.0.3163.100 Safari/537.36"
49.34.71.207 - - [01/Oct/2017:01:39:07 -0400] "GET /favicon.ico HTTP/1.1" 200 986 "http://rajputdataserver.info/admin/auth/user/6/change/" "Mozilla/5.0 (Windows NT 6.1) AppleWebKit/537.36 (KHTML, like Gecko) Chrome/61.0.3163.100 Safari/537.36"
27.131.12.6 - - [01/Oct/2017:01:39:08 -0400] "GET /admin/auth/user/6/change/ HTTP/1.1" 200 3466 "http://rajputdataserver.info/admin/auth/user/" "Mozilla/5.0 (Macintosh; Intel Mac OS X 10_13_0) AppleWebKit/537.36 (KHTML, like Gecko) Chrome/61.0.3163.100 Safari/537.36"
27.131.12.6 - - [01/Oct/2017:01:39:09 -0400] "GET /admin/jsi18n/ HTTP/1.1" 200 3189 "http://rajputdataserver.info/admin/auth/user/6/change/" "Mozilla/5.0 (Macintosh; Intel Mac OS X 10_13_0) AppleWebKit/537.36 (KHTML, like Gecko) Chrome/61.0.3163.100 Safari/537.36"
27.131.12.6 - - [01/Oct/2017:01:39:09 -0400] "GET /static/admin/img/icon-clock.svg HTTP/1.1" 200 677 "http://rajputdataserver.info/static/admin/css/widgets.css" "Mozilla/5.0 (Macintosh; Intel Mac OS X 10_13_0) AppleWebKit/537.36 (KHTML, like Gecko) Chrome/61.0.3163.100 Safari/537.36"
27.131.12.6 - - [01/Oct/2017:01:39:10 -0400] "GET /static/admin/img/icon-calendar.svg HTTP/1.1" 200 1086 "http://rajputdataserver.info/static/admin/css/widgets.css" "Mozilla/5.0 (Macintosh; Intel Mac OS X 10_13_0) AppleWebKit/537.36 (KHTML, like Gecko) Chrome/61.0.3163.100 Safari/537.36"
49.34.71.207 - - [01/Oct/2017:01:39:15 -0400] "POST /admin/auth/user/6/change/ HTTP/1.1" 302 0 "http://rajputdataserver.info/admin/auth/user/6/change/" "Mozilla/5.0 (Windows NT 6.1) AppleWebKit/537.36 (KHTML, like Gecko) Chrome/61.0.3163.100 Safari/537.36"
49.34.71.207 - - [01/Oct/2017:01:39:15 -0400] "GET /admin/auth/user/ HTTP/1.1" 200 2301 "http://rajputdataserver.info/admin/auth/user/6/change/" "Mozilla/5.0 (Windows NT 6.1) AppleWebKit/537.36 (KHTML, like Gecko) Chrome/61.0.3163.100 Safari/537.36"
49.34.71.207 - - [01/Oct/2017:01:39:15 -0400] "GET /admin/jsi18n/ HTTP/1.1" 200 3189 "http://rajputdataserver.info/admin/auth/user/" "Mozilla/5.0 (Windows NT 6.1) AppleWebKit/537.36 (KHTML, like Gecko) Chrome/61.0.3163.100 Safari/537.36"
49.34.71.207 - - [01/Oct/2017:01:39:16 -0400] "GET /favicon.ico HTTP/1.1" 200 991 "http://rajputdataserver.info/admin/auth/user/" "Mozilla/5.0 (Windows NT 6.1) AppleWebKit/537.36 (KHTML, like Gecko) Chrome/61.0.3163.100 Safari/537.36"
49.34.71.207 - - [01/Oct/2017:01:39:19 -0400] "GET /admin/logout/ HTTP/1.1" 200 540 "http://rajputdataserver.info/admin/auth/user/" "Mozilla/5.0 (Windows NT 6.1) AppleWebKit/537.36 (KHTML, like Gecko) Chrome/61.0.3163.100 Safari/537.36"
49.34.71.207 - - [01/Oct/2017:01:39:19 -0400] "GET /favicon.ico HTTP/1.1" 302 0 "http://rajputdataserver.info/admin/logout/" "Mozilla/5.0 (Windows NT 6.1) AppleWebKit/537.36 (KHTML, like Gecko) Chrome/61.0.3163.100 Safari/537.36"
49.34.71.207 - - [01/Oct/2017:01:39:19 -0400] "GET /admin/login/?next=/favicon.ico HTTP/1.1" 200 805 "http://rajputdataserver.info/admin/logout/" "Mozilla/5.0 (Windows NT 6.1) AppleWebKit/537.36 (KHTML, like Gecko) Chrome/61.0.3163.100 Safari/537.36"
49.34.71.207 - - [01/Oct/2017:01:39:21 -0400] "GET /admin/ HTTP/1.1" 302 0 "http://rajputdataserver.info/admin/logout/" "Mozilla/5.0 (Windows NT 6.1) AppleWebKit/537.36 (KHTML, like Gecko) Chrome/61.0.3163.100 Safari/537.36"
49.34.71.207 - - [01/Oct/2017:01:39:21 -0400] "GET /admin/login/?next=/admin/ HTTP/1.1" 200 795 "http://rajputdataserver.info/admin/logout/" "Mozilla/5.0 (Windows NT 6.1) AppleWebKit/537.36 (KHTML, like Gecko) Chrome/61.0.3163.100 Safari/537.36"
49.34.71.207 - - [01/Oct/2017:01:39:22 -0400] "GET /favicon.ico HTTP/1.1" 302 0 "http://rajputdataserver.info/admin/login/?next=/admin/" "Mozilla/5.0 (Windows NT 6.1) AppleWebKit/537.36 (KHTML, like Gecko) Chrome/61.0.3163.100 Safari/537.36"
49.34.71.207 - - [01/Oct/2017:01:39:22 -0400] "GET /admin/login/?next=/favicon.ico HTTP/1.1" 200 803 "http://rajputdataserver.info/admin/login/?next=/admin/" "Mozilla/5.0 (Windows NT 6.1) AppleWebKit/537.36 (KHTML, like Gecko) Chrome/61.0.3163.100 Safari/537.36"
49.34.71.207 - - [01/Oct/2017:01:39:33 -0400] "POST /admin/login/?next=/admin/ HTTP/1.1" 200 895 "http://rajputdataserver.info/admin/login/?next=/admin/" "Mozilla/5.0 (Windows NT 6.1) AppleWebKit/537.36 (KHTML, like Gecko) Chrome/61.0.3163.100 Safari/537.36"
49.34.71.207 - - [01/Oct/2017:01:39:34 -0400] "GET /favicon.ico HTTP/1.1" 302 0 "http://rajputdataserver.info/admin/login/?next=/admin/" "Mozilla/5.0 (Windows NT 6.1) AppleWebKit/537.36 (KHTML, like Gecko) Chrome/61.0.3163.100 Safari/537.36"
49.34.71.207 - - [01/Oct/2017:01:39:34 -0400] "GET /admin/login/?next=/favicon.ico HTTP/1.1" 200 801 "http://rajputdataserver.info/admin/login/?next=/admin/" "Mozilla/5.0 (Windows NT 6.1) AppleWebKit/537.36 (KHTML, like Gecko) Chrome/61.0.3163.100 Safari/537.36"
49.34.71.207 - - [01/Oct/2017:01:40:29 -0400] "POST /admin/login/?next=/admin/ HTTP/1.1" 302 0 "http://rajputdataserver.info/admin/login/?next=/admin/" "Mozilla/5.0 (Windows NT 6.1) AppleWebKit/537.36 (KHTML, like Gecko) Chrome/61.0.3163.100 Safari/537.36"
27.131.12.6 - - [01/Oct/2017:01:40:30 -0400] "GET /admin/auth/ HTTP/1.1" 200 902 "http://rajputdataserver.info/admin/auth/user/6/change/" "Mozilla/5.0 (Macintosh; Intel Mac OS X 10_13_0) AppleWebKit/537.36 (KHTML, like Gecko) Chrome/61.0.3163.100 Safari/537.36"
49.34.71.207 - - [01/Oct/2017:01:40:30 -0400] "GET /admin/ HTTP/1.1" 200 1283 "http://rajputdataserver.info/admin/login/?next=/admin/" "Mozilla/5.0 (Windows NT 6.1) AppleWebKit/537.36 (KHTML, like Gecko) Chrome/61.0.3163.100 Safari/537.36"
49.34.71.207 - - [01/Oct/2017:01:40:30 -0400] "GET /favicon.ico HTTP/1.1" 200 988 "http://rajputdataserver.info/admin/" "Mozilla/5.0 (Windows NT 6.1) AppleWebKit/537.36 (KHTML, like Gecko) Chrome/61.0.3163.100 Safari/537.36"
27.131.12.6 - - [01/Oct/2017:01:40:31 -0400] "GET /admin/auth/group/ HTTP/1.1" 200 1711 "http://rajputdataserver.info/admin/auth/" "Mozilla/5.0 (Macintosh; Intel Mac OS X 10_13_0) AppleWebKit/537.36 (KHTML, like Gecko) Chrome/61.0.3163.100 Safari/537.36"
27.131.12.6 - - [01/Oct/2017:01:40:31 -0400] "GET /admin/jsi18n/ HTTP/1.1" 200 3189 "http://rajputdataserver.info/admin/auth/group/" "Mozilla/5.0 (Macintosh; Intel Mac OS X 10_13_0) AppleWebKit/537.36 (KHTML, like Gecko) Chrome/61.0.3163.100 Safari/537.36"
49.34.71.207 - - [01/Oct/2017:01:40:32 -0400] "GET /admin/auth/user/ HTTP/1.1" 200 2239 "http://rajputdataserver.info/admin/" "Mozilla/5.0 (Windows NT 6.1) AppleWebKit/537.36 (KHTML, like Gecko) Chrome/61.0.3163.100 Safari/537.36"
49.34.71.207 - - [01/Oct/2017:01:40:33 -0400] "GET /admin/jsi18n/ HTTP/1.1" 200 3189 "http://rajputdataserver.info/admin/auth/user/" "Mozilla/5.0 (Windows NT 6.1) AppleWebKit/537.36 (KHTML, like Gecko) Chrome/61.0.3163.100 Safari/537.36"
49.34.71.207 - - [01/Oct/2017:01:40:34 -0400] "GET /favicon.ico HTTP/1.1" 200 988 "http://rajputdataserver.info/admin/auth/user/" "Mozilla/5.0 (Windows NT 6.1) AppleWebKit/537.36 (KHTML, like Gecko) Chrome/61.0.3163.100 Safari/537.36"
27.131.12.6 - - [01/Oct/2017:01:40:34 -0400] "GET /admin/auth/group/2/change/ HTTP/1.1" 200 2126 "http://rajputdataserver.info/admin/auth/group/" "Mozilla/5.0 (Macintosh; Intel Mac OS X 10_13_0) AppleWebKit/537.36 (KHTML, like Gecko) Chrome/61.0.3163.100 Safari/537.36"
27.131.12.6 - - [01/Oct/2017:01:40:35 -0400] "GET /admin/jsi18n/ HTTP/1.1" 200 3189 "http://rajputdataserver.info/admin/auth/group/2/change/" "Mozilla/5.0 (Macintosh; Intel Mac OS X 10_13_0) AppleWebKit/537.36 (KHTML, like Gecko) Chrome/61.0.3163.100 Safari/537.36"
49.34.71.207 - - [01/Oct/2017:01:40:36 -0400] "GET /admin/auth/user/6/change/ HTTP/1.1" 200 3468 "http://rajputdataserver.info/admin/auth/user/" "Mozilla/5.0 (Windows NT 6.1) AppleWebKit/537.36 (KHTML, like Gecko) Chrome/61.0.3163.100 Safari/537.36"
49.34.71.207 - - [01/Oct/2017:01:40:36 -0400] "GET /admin/jsi18n/ HTTP/1.1" 200 3189 "http://rajputdataserver.info/admin/auth/user/6/change/" "Mozilla/5.0 (Windows NT 6.1) AppleWebKit/537.36 (KHTML, like Gecko) Chrome/61.0.3163.100 Safari/537.36"
49.34.71.207 - - [01/Oct/2017:01:40:37 -0400] "GET /favicon.ico HTTP/1.1" 200 989 "http://rajputdataserver.info/admin/auth/user/6/change/" "Mozilla/5.0 (Windows NT 6.1) AppleWebKit/537.36 (KHTML, like Gecko) Chrome/61.0.3163.100 Safari/537.36"
27.131.12.6 - - [01/Oct/2017:01:40:38 -0400] "GET /admin/logout/ HTTP/1.1" 200 540 "http://rajputdataserver.info/admin/auth/group/2/change/" "Mozilla/5.0 (Macintosh; Intel Mac OS X 10_13_0) AppleWebKit/537.36 (KHTML, like Gecko) Chrome/61.0.3163.100 Safari/537.36"
27.131.12.6 - - [01/Oct/2017:01:40:40 -0400] "GET /admin/ HTTP/1.1" 302 0 "http://rajputdataserver.info/admin/logout/" "Mozilla/5.0 (Macintosh; Intel Mac OS X 10_13_0) AppleWebKit/537.36 (KHTML, like Gecko) Chrome/61.0.3163.100 Safari/537.36"
27.131.12.6 - - [01/Oct/2017:01:40:40 -0400] "GET /admin/login/?next=/admin/ HTTP/1.1" 200 796 "http://rajputdataserver.info/admin/logout/" "Mozilla/5.0 (Macintosh; Intel Mac OS X 10_13_0) AppleWebKit/537.36 (KHTML, like Gecko) Chrome/61.0.3163.100 Safari/537.36"
49.34.71.207 - - [01/Oct/2017:01:40:41 -0400] "POST /admin/auth/user/6/change/ HTTP/1.1" 302 0 "http://rajputdataserver.info/admin/auth/user/6/change/" "Mozilla/5.0 (Windows NT 6.1) AppleWebKit/537.36 (KHTML, like Gecko) Chrome/61.0.3163.100 Safari/537.36"
49.34.71.207 - - [01/Oct/2017:01:40:42 -0400] "GET /admin/auth/user/ HTTP/1.1" 200 2289 "http://rajputdataserver.info/admin/auth/user/6/change/" "Mozilla/5.0 (Windows NT 6.1) AppleWebKit/537.36 (KHTML, like Gecko) Chrome/61.0.3163.100 Safari/537.36"
49.34.71.207 - - [01/Oct/2017:01:40:42 -0400] "GET /admin/jsi18n/ HTTP/1.1" 200 3189 "http://rajputdataserver.info/admin/auth/user/" "Mozilla/5.0 (Windows NT 6.1) AppleWebKit/537.36 (KHTML, like Gecko) Chrome/61.0.3163.100 Safari/537.36"
49.34.71.207 - - [01/Oct/2017:01:40:43 -0400] "GET /favicon.ico HTTP/1.1" 200 990 "http://rajputdataserver.info/admin/auth/user/" "Mozilla/5.0 (Windows NT 6.1) AppleWebKit/537.36 (KHTML, like Gecko) Chrome/61.0.3163.100 Safari/537.36"
49.34.71.207 - - [01/Oct/2017:01:40:54 -0400] "GET /admin/logout/ HTTP/1.1" 200 540 "http://rajputdataserver.info/admin/auth/user/" "Mozilla/5.0 (Windows NT 6.1) AppleWebKit/537.36 (KHTML, like Gecko) Chrome/61.0.3163.100 Safari/537.36"
49.34.71.207 - - [01/Oct/2017:01:40:55 -0400] "GET /favicon.ico HTTP/1.1" 302 0 "http://rajputdataserver.info/admin/logout/" "Mozilla/5.0 (Windows NT 6.1) AppleWebKit/537.36 (KHTML, like Gecko) Chrome/61.0.3163.100 Safari/537.36"
49.34.71.207 - - [01/Oct/2017:01:40:55 -0400] "GET /admin/login/?next=/favicon.ico HTTP/1.1" 200 804 "http://rajputdataserver.info/admin/logout/" "Mozilla/5.0 (Windows NT 6.1) AppleWebKit/537.36 (KHTML, like Gecko) Chrome/61.0.3163.100 Safari/537.36"
49.34.71.207 - - [01/Oct/2017:01:40:56 -0400] "GET /admin/ HTTP/1.1" 302 0 "http://rajputdataserver.info/admin/logout/" "Mozilla/5.0 (Windows NT 6.1) AppleWebKit/537.36 (KHTML, like Gecko) Chrome/61.0.3163.100 Safari/537.36"
49.34.71.207 - - [01/Oct/2017:01:40:57 -0400] "GET /admin/login/?next=/admin/ HTTP/1.1" 200 797 "http://rajputdataserver.info/admin/logout/" "Mozilla/5.0 (Windows NT 6.1) AppleWebKit/537.36 (KHTML, like Gecko) Chrome/61.0.3163.100 Safari/537.36"
49.34.71.207 - - [01/Oct/2017:01:40:57 -0400] "GET /favicon.ico HTTP/1.1" 302 0 "http://rajputdataserver.info/admin/login/?next=/admin/" "Mozilla/5.0 (Windows NT 6.1) AppleWebKit/537.36 (KHTML, like Gecko) Chrome/61.0.3163.100 Safari/537.36"
49.34.71.207 - - [01/Oct/2017:01:40:58 -0400] "GET /admin/login/?next=/favicon.ico HTTP/1.1" 200 805 "http://rajputdataserver.info/admin/login/?next=/admin/" "Mozilla/5.0 (Windows NT 6.1) AppleWebKit/537.36 (KHTML, like Gecko) Chrome/61.0.3163.100 Safari/537.36"
27.131.12.6 - - [01/Oct/2017:01:40:59 -0400] "POST /admin/login/?next=/admin/ HTTP/1.1" 302 0 "http://rajputdataserver.info/admin/login/?next=/admin/" "Mozilla/5.0 (Macintosh; Intel Mac OS X 10_13_0) AppleWebKit/537.36 (KHTML, like Gecko) Chrome/61.0.3163.100 Safari/537.36"
27.131.12.6 - - [01/Oct/2017:01:40:59 -0400] "GET /admin/ HTTP/1.1" 200 900 "http://rajputdataserver.info/admin/login/?next=/admin/" "Mozilla/5.0 (Macintosh; Intel Mac OS X 10_13_0) AppleWebKit/537.36 (KHTML, like Gecko) Chrome/61.0.3163.100 Safari/537.36"
27.131.12.6 - - [01/Oct/2017:01:41:05 -0400] "GET /admin/jsi18n/ HTTP/1.1" 200 3189 "http://rajputdataserver.info/admin/crawler_manager/crawelissue/" "Mozilla/5.0 (Macintosh; Intel Mac OS X 10_13_0) AppleWebKit/537.36 (KHTML, like Gecko) Chrome/61.0.3163.100 Safari/537.36"
27.131.12.6 - - [01/Oct/2017:01:41:06 -0400] "GET /admin/crawler_manager/crawelissue/ HTTP/1.1" 200 69329 "http://rajputdataserver.info/admin/" "Mozilla/5.0 (Macintosh; Intel Mac OS X 10_13_0) AppleWebKit/537.36 (KHTML, like Gecko) Chrome/61.0.3163.100 Safari/537.36"
27.131.12.6 - - [01/Oct/2017:01:41:19 -0400] "GET /admin/logout/ HTTP/1.1" 200 540 "http://rajputdataserver.info/admin/crawler_manager/crawelissue/" "Mozilla/5.0 (Macintosh; Intel Mac OS X 10_13_0) AppleWebKit/537.36 (KHTML, like Gecko) Chrome/61.0.3163.100 Safari/537.36"
27.131.12.6 - - [01/Oct/2017:01:41:21 -0400] "GET /admin/ HTTP/1.1" 302 0 "http://rajputdataserver.info/admin/logout/" "Mozilla/5.0 (Macintosh; Intel Mac OS X 10_13_0) AppleWebKit/537.36 (KHTML, like Gecko) Chrome/61.0.3163.100 Safari/537.36"
27.131.12.6 - - [01/Oct/2017:01:41:22 -0400] "GET /admin/login/?next=/admin/ HTTP/1.1" 200 798 "http://rajputdataserver.info/admin/logout/" "Mozilla/5.0 (Macintosh; Intel Mac OS X 10_13_0) AppleWebKit/537.36 (KHTML, like Gecko) Chrome/61.0.3163.100 Safari/537.36"
27.131.12.6 - - [01/Oct/2017:01:41:29 -0400] "POST /admin/login/?next=/admin/ HTTP/1.1" 302 0 "http://rajputdataserver.info/admin/login/?next=/admin/" "Mozilla/5.0 (Macintosh; Intel Mac OS X 10_13_0) AppleWebKit/537.36 (KHTML, like Gecko) Chrome/61.0.3163.100 Safari/537.36"
27.131.12.6 - - [01/Oct/2017:01:41:30 -0400] "GET /admin/ HTTP/1.1" 200 1250 "http://rajputdataserver.info/admin/login/?next=/admin/" "Mozilla/5.0 (Macintosh; Intel Mac OS X 10_13_0) AppleWebKit/537.36 (KHTML, like Gecko) Chrome/61.0.3163.100 Safari/537.36"
27.131.12.6 - - [01/Oct/2017:01:41:35 -0400] "GET /admin/crawler_manager/crawelissue/ HTTP/1.1" 200 69332 "http://rajputdataserver.info/admin/" "Mozilla/5.0 (Macintosh; Intel Mac OS X 10_13_0) AppleWebKit/537.36 (KHTML, like Gecko) Chrome/61.0.3163.100 Safari/537.36"
27.131.12.6 - - [01/Oct/2017:01:41:36 -0400] "GET /admin/jsi18n/ HTTP/1.1" 200 3189 "http://rajputdataserver.info/admin/crawler_manager/crawelissue/" "Mozilla/5.0 (Macintosh; Intel Mac OS X 10_13_0) AppleWebKit/537.36 (KHTML, like Gecko) Chrome/61.0.3163.100 Safari/537.36"
27.131.12.6 - - [01/Oct/2017:01:41:40 -0400] "GET /admin/ HTTP/1.1" 200 1250 "http://rajputdataserver.info/admin/crawler_manager/crawelissue/" "Mozilla/5.0 (Macintosh; Intel Mac OS X 10_13_0) AppleWebKit/537.36 (KHTML, like Gecko) Chrome/61.0.3163.100 Safari/537.36"
27.131.12.6 - - [01/Oct/2017:01:41:42 -0400] "GET /admin/auth/user/6/change/ HTTP/1.1" 200 3473 "http://rajputdataserver.info/admin/" "Mozilla/5.0 (Macintosh; Intel Mac OS X 10_13_0) AppleWebKit/537.36 (KHTML, like Gecko) Chrome/61.0.3163.100 Safari/537.36"
27.131.12.6 - - [01/Oct/2017:01:41:42 -0400] "GET /admin/jsi18n/ HTTP/1.1" 200 3189 "http://rajputdataserver.info/admin/auth/user/6/change/" "Mozilla/5.0 (Macintosh; Intel Mac OS X 10_13_0) AppleWebKit/537.36 (KHTML, like Gecko) Chrome/61.0.3163.100 Safari/537.36"
27.131.12.6 - - [01/Oct/2017:01:41:53 -0400] "GET /admin/auth/ HTTP/1.1" 200 902 "http://rajputdataserver.info/admin/auth/user/6/change/" "Mozilla/5.0 (Macintosh; Intel Mac OS X 10_13_0) AppleWebKit/537.36 (KHTML, like Gecko) Chrome/61.0.3163.100 Safari/537.36"
27.131.12.6 - - [01/Oct/2017:01:41:57 -0400] "GET /admin/auth/user/ HTTP/1.1" 200 2223 "http://rajputdataserver.info/admin/auth/" "Mozilla/5.0 (Macintosh; Intel Mac OS X 10_13_0) AppleWebKit/537.36 (KHTML, like Gecko) Chrome/61.0.3163.100 Safari/537.36"
27.131.12.6 - - [01/Oct/2017:01:41:58 -0400] "GET /admin/jsi18n/ HTTP/1.1" 200 3189 "http://rajputdataserver.info/admin/auth/user/" "Mozilla/5.0 (Macintosh; Intel Mac OS X 10_13_0) AppleWebKit/537.36 (KHTML, like Gecko) Chrome/61.0.3163.100 Safari/537.36"
27.131.12.6 - - [01/Oct/2017:01:42:04 -0400] "GET /admin/auth/user/?is_superuser__exact=1 HTTP/1.1" 200 2294 "http://rajputdataserver.info/admin/auth/user/" "Mozilla/5.0 (Macintosh; Intel Mac OS X 10_13_0) AppleWebKit/537.36 (KHTML, like Gecko) Chrome/61.0.3163.100 Safari/537.36"
27.131.12.6 - - [01/Oct/2017:01:42:04 -0400] "GET /admin/jsi18n/ HTTP/1.1" 200 3189 "http://rajputdataserver.info/admin/auth/user/?is_superuser__exact=1" "Mozilla/5.0 (Macintosh; Intel Mac OS X 10_13_0) AppleWebKit/537.36 (KHTML, like Gecko) Chrome/61.0.3163.100 Safari/537.36"
27.131.12.6 - - [01/Oct/2017:01:42:06 -0400] "GET /admin/auth/user/?is_superuser__exact=0 HTTP/1.1" 200 2319 "http://rajputdataserver.info/admin/auth/user/?is_superuser__exact=1" "Mozilla/5.0 (Macintosh; Intel Mac OS X 10_13_0) AppleWebKit/537.36 (KHTML, like Gecko) Chrome/61.0.3163.100 Safari/537.36"
27.131.12.6 - - [01/Oct/2017:01:42:06 -0400] "GET /admin/jsi18n/ HTTP/1.1" 200 3189 "http://rajputdataserver.info/admin/auth/user/?is_superuser__exact=0" "Mozilla/5.0 (Macintosh; Intel Mac OS X 10_13_0) AppleWebKit/537.36 (KHTML, like Gecko) Chrome/61.0.3163.100 Safari/537.36"
27.131.12.6 - - [01/Oct/2017:01:42:09 -0400] "GET /admin/auth/user/? HTTP/1.1" 200 2227 "http://rajputdataserver.info/admin/auth/user/?is_superuser__exact=0" "Mozilla/5.0 (Macintosh; Intel Mac OS X 10_13_0) AppleWebKit/537.36 (KHTML, like Gecko) Chrome/61.0.3163.100 Safari/537.36"
27.131.12.6 - - [01/Oct/2017:01:42:09 -0400] "GET /admin/jsi18n/ HTTP/1.1" 200 3189 "http://rajputdataserver.info/admin/auth/user/?" "Mozilla/5.0 (Macintosh; Intel Mac OS X 10_13_0) AppleWebKit/537.36 (KHTML, like Gecko) Chrome/61.0.3163.100 Safari/537.36"
27.131.12.6 - - [01/Oct/2017:01:42:14 -0400] "GET /admin/auth/user/?is_staff__exact=1 HTTP/1.1" 200 2321 "http://rajputdataserver.info/admin/auth/user/?" "Mozilla/5.0 (Macintosh; Intel Mac OS X 10_13_0) AppleWebKit/537.36 (KHTML, like Gecko) Chrome/61.0.3163.100 Safari/537.36"
27.131.12.6 - - [01/Oct/2017:01:42:14 -0400] "GET /admin/jsi18n/ HTTP/1.1" 200 3189 "http://rajputdataserver.info/admin/auth/user/?is_staff__exact=1" "Mozilla/5.0 (Macintosh; Intel Mac OS X 10_13_0) AppleWebKit/537.36 (KHTML, like Gecko) Chrome/61.0.3163.100 Safari/537.36"
27.131.12.6 - - [01/Oct/2017:01:42:16 -0400] "GET /admin/auth/user/? HTTP/1.1" 200 2225 "http://rajputdataserver.info/admin/auth/user/?is_staff__exact=1" "Mozilla/5.0 (Macintosh; Intel Mac OS X 10_13_0) AppleWebKit/537.36 (KHTML, like Gecko) Chrome/61.0.3163.100 Safari/537.36"
27.131.12.6 - - [01/Oct/2017:01:42:16 -0400] "GET /admin/jsi18n/ HTTP/1.1" 200 3189 "http://rajputdataserver.info/admin/auth/user/?" "Mozilla/5.0 (Macintosh; Intel Mac OS X 10_13_0) AppleWebKit/537.36 (KHTML, like Gecko) Chrome/61.0.3163.100 Safari/537.36"
27.131.12.6 - - [01/Oct/2017:01:42:19 -0400] "GET /admin/auth/user/5/change/ HTTP/1.1" 200 3475 "http://rajputdataserver.info/admin/auth/user/?" "Mozilla/5.0 (Macintosh; Intel Mac OS X 10_13_0) AppleWebKit/537.36 (KHTML, like Gecko) Chrome/61.0.3163.100 Safari/537.36"
27.131.12.6 - - [01/Oct/2017:01:42:19 -0400] "GET /admin/jsi18n/ HTTP/1.1" 200 3189 "http://rajputdataserver.info/admin/auth/user/5/change/" "Mozilla/5.0 (Macintosh; Intel Mac OS X 10_13_0) AppleWebKit/537.36 (KHTML, like Gecko) Chrome/61.0.3163.100 Safari/537.36"
27.131.12.6 - - [01/Oct/2017:01:42:19 -0400] "GET /static/admin/css/fonts.css HTTP/1.1" 200 423 "http://rajputdataserver.info/admin/auth/user/5/change/" "Mozilla/5.0 (Macintosh; Intel Mac OS X 10_13_0) AppleWebKit/537.36 (KHTML, like Gecko) Chrome/61.0.3163.100 Safari/537.36"
27.131.12.6 - - [01/Oct/2017:01:42:20 -0400] "GET /static/admin/fonts/Roboto-Bold-webfont.woff HTTP/1.1" 200 82564 "http://rajputdataserver.info/static/admin/css/fonts.css" "Mozilla/5.0 (Macintosh; Intel Mac OS X 10_13_0) AppleWebKit/537.36 (KHTML, like Gecko) Chrome/61.0.3163.100 Safari/537.36"
27.131.12.6 - - [01/Oct/2017:01:42:20 -0400] "GET /static/admin/fonts/Roboto-Light-webfont.woff HTTP/1.1" 200 81348 "http://rajputdataserver.info/static/admin/css/fonts.css" "Mozilla/5.0 (Macintosh; Intel Mac OS X 10_13_0) AppleWebKit/537.36 (KHTML, like Gecko) Chrome/61.0.3163.100 Safari/537.36"
27.131.12.6 - - [01/Oct/2017:01:42:20 -0400] "GET /static/admin/fonts/Roboto-Regular-webfont.woff HTTP/1.1" 200 80304 "http://rajputdataserver.info/static/admin/css/fonts.css" "Mozilla/5.0 (Macintosh; Intel Mac OS X 10_13_0) AppleWebKit/537.36 (KHTML, like Gecko) Chrome/61.0.3163.100 Safari/537.36"
27.131.12.6 - - [01/Oct/2017:01:42:28 -0400] "GET /admin/logout/ HTTP/1.1" 200 540 "http://rajputdataserver.info/admin/auth/user/5/change/" "Mozilla/5.0 (Macintosh; Intel Mac OS X 10_13_0) AppleWebKit/537.36 (KHTML, like Gecko) Chrome/61.0.3163.100 Safari/537.36"
27.131.12.6 - - [01/Oct/2017:01:42:30 -0400] "GET /admin/ HTTP/1.1" 302 0 "http://rajputdataserver.info/admin/logout/" "Mozilla/5.0 (Macintosh; Intel Mac OS X 10_13_0) AppleWebKit/537.36 (KHTML, like Gecko) Chrome/61.0.3163.100 Safari/537.36"
27.131.12.6 - - [01/Oct/2017:01:42:30 -0400] "GET /admin/login/?next=/admin/ HTTP/1.1" 200 795 "http://rajputdataserver.info/admin/logout/" "Mozilla/5.0 (Macintosh; Intel Mac OS X 10_13_0) AppleWebKit/537.36 (KHTML, like Gecko) Chrome/61.0.3163.100 Safari/537.36"
27.131.12.6 - - [01/Oct/2017:01:42:38 -0400] "POST /admin/login/?next=/admin/ HTTP/1.1" 302 0 "http://rajputdataserver.info/admin/login/?next=/admin/" "Mozilla/5.0 (Macintosh; Intel Mac OS X 10_13_0) AppleWebKit/537.36 (KHTML, like Gecko) Chrome/61.0.3163.100 Safari/537.36"
27.131.12.6 - - [01/Oct/2017:01:42:38 -0400] "GET /admin/ HTTP/1.1" 200 907 "http://rajputdataserver.info/admin/login/?next=/admin/" "Mozilla/5.0 (Macintosh; Intel Mac OS X 10_13_0) AppleWebKit/537.36 (KHTML, like Gecko) Chrome/61.0.3163.100 Safari/537.36"
27.131.12.6 - - [01/Oct/2017:01:42:44 -0400] "GET /admin/crawler_manager/crawelissue/ HTTP/1.1" 200 69332 "http://rajputdataserver.info/admin/" "Mozilla/5.0 (Macintosh; Intel Mac OS X 10_13_0) AppleWebKit/537.36 (KHTML, like Gecko) Chrome/61.0.3163.100 Safari/537.36"
27.131.12.6 - - [01/Oct/2017:01:42:44 -0400] "GET /admin/jsi18n/ HTTP/1.1" 200 3189 "http://rajputdataserver.info/admin/crawler_manager/crawelissue/" "Mozilla/5.0 (Macintosh; Intel Mac OS X 10_13_0) AppleWebKit/537.36 (KHTML, like Gecko) Chrome/61.0.3163.100 Safari/537.36"
